[33mΓ¥»[39m Building...
[32mΓ£ö[39m Building...
Application bundle generation failed. [5.585 seconds] - 2026-03-29T20:35:27.936Z

node.exe : [1m[33m[33mΓû▓ 
[43;33m[[43;30mWARNING[43;33m][0m 
[1mNG8107: NG8107: The left side of this 
optional chain operation does not include 'null' 
or 'undefined' in its type, therefore the '?.' 
operator can be replaced with the '.' operator. 
Find more at https://v21.angular.dev/extended-dia
gnostics/NG8107[0m [1m[35m[plugin 
angular-compiler][0m
At line:1 char:1
+ & "C:\Program Files\nodejs/node.exe" 
"C:\Program Files\nodejs/node_mo ...
+ ~~~~~~~~~~~~~~~~~~~~~~~~~~~~~~~~~~~~~~~~~~~~~~~
~~~~~~~~~~~~~~~~~~~~~~
    + CategoryInfo          : NotSpecified: ([1 
   m[33m[33mΓ...r-compiler][0m:String) [], R  
  emoteException
    + FullyQualifiedErrorId : NativeCommandError
 

    src/app/features/charts/stock-chart.component
.ts:17:28:
[37m      17 Γöé             ≡ƒôê {{ 
symbol()[32m?.repla[37mce('.NS', '') }}
         Γò╡                          
[32m~~~~~~~[0m


[33mΓû▓ [43;33m[[43;30mWARNING[43;33m][0m 
[1mNG8107: NG8107: The left side of this 
optional chain operation does not include 'null' 
or 'undefined' in its type, therefore the '?.' 
operator can be replaced with the '.' operator. 
Find more at https://v21.angular.dev/extended-dia
gnostics/NG8107[0m [1m[35m[plugin 
angular-compiler][0m

    src/app/features/dashboard/dashboard.componen
t.ts:57:69:
[37m      57 Γöé ...ed">{{ 
portfolio()!.positions?.[32mlength[37m || 0 }} 
open positions</div>
         Γò╡                                   
[32m~~~~~~[0m


[33mΓû▓ [43;33m[[43;30mWARNING[43;33m][0m 
[1mNG8107: NG8107: The left side of this 
optional chain operation does not include 'null' 
or 'undefined' in its type, therefore the '?.' 
operator can be replaced with the '.' operator. 
Find more at https://v21.angular.dev/extended-dia
gnostics/NG8107[0m [1m[35m[plugin 
angular-compiler][0m

    src/app/features/trader-log/trader-log.compon
ent.ts:55:38:
[37m      55 Γöé               <tr 
*ngIf="!thoughts()?.[32mlength[37m">
         Γò╡                                     
  [32m~~~~~~[0m


[33mΓû▓ [43;33m[[43;30mWARNING[43;33m][0m 
[1mNG8107: NG8107: The left side of this 
optional chain operation does not include 'null' 
or 'undefined' in its type, therefore the '?.' 
operator can be replaced with the '.' operator. 
Find more at https://v21.angular.dev/extended-dia
gnostics/NG8107[0m [1m[35m[plugin 
angular-compiler][0m

    src/app/features/watchlist/watchlist.componen
t.ts:36:38:
[37m      36 Γöé ...   <div 
*ngIf="!watchlist()?.[32mlength[37m" 
class="text-muted" style="...
         Γò╡                                 
[32m~~~~~~[0m

[39m[22m
[1m[31m[31mX 
[41;31m[[41;97mERROR[41;31m][0m [1mTS2729: 
Property 'api' is used before its 
initialization.[0m [1m[35m[plugin 
angular-compiler][0m

    src/app/features/dashboard/dashboard.componen
t.ts:201:19:
[37m      201 Γöé   portfolio = 
this.[32mapi[37m.portfolio;
          Γò╡                    [32m~~~[0m

  'api' is declared here.

    src/app/features/dashboard/dashboard.componen
t.ts:211:4:
[37m      211 Γöé     [32mprivate api: 
ApiService[37m,
          Γò╡     
[32m~~~~~~~~~~~~~~~~~~~~~~~[0m


[31mX [41;31m[[41;97mERROR[41;31m][0m 
[1mTS2729: Property 'api' is used before its 
initialization.[0m [1m[35m[plugin 
angular-compiler][0m

    src/app/features/dashboard/dashboard.componen
t.ts:204:22:
[37m      204 Γöé   engineOn     = 
this.[32mapi[37m.engineRunning;
          Γò╡                       [32m~~~[0m

  'api' is declared here.

    src/app/features/dashboard/dashboard.componen
t.ts:211:4:
[37m      211 Γöé     [32mprivate api: 
ApiService[37m,
          Γò╡     
[32m~~~~~~~~~~~~~~~~~~~~~~~[0m


[31mX [41;31m[[41;97mERROR[41;31m][0m 
[1mTS2729: Property 'api' is used before its 
initialization.[0m [1m[35m[plugin 
angular-compiler][0m

    src/app/features/dashboard/dashboard.componen
t.ts:205:22:
[37m      205 Γöé   traderOn     = 
this.[32mapi[37m.autoTraderActive;
          Γò╡                       [32m~~~[0m

  'api' is declared here.

    src/app/features/dashboard/dashboard.componen
t.ts:211:4:
[37m      211 Γöé     [32mprivate api: 
ApiService[37m,
          Γò╡     
[32m~~~~~~~~~~~~~~~~~~~~~~~[0m


[31mX [41;31m[[41;97mERROR[41;31m][0m 
[1mTS2729: Property 'api' is used before its 
initialization.[0m [1m[35m[plugin 
angular-compiler][0m

    src/app/features/portfolio/portfolio.componen
t.ts:115:19:
[37m      115 Γöé   portfolio = 
this.[32mapi[37m.portfolio;
          Γò╡                    [32m~~~[0m

  'api' is declared here.

    src/app/features/portfolio/portfolio.componen
t.ts:118:14:
[37m      118 Γöé   constructor([32mprivate 
api: ApiService[37m) {
          Γò╡               
[32m~~~~~~~~~~~~~~~~~~~~~~~[0m


[31mX [41;31m[[41;97mERROR[41;31m][0m 
[1mTS2729: Property 'api' is used before its 
initialization.[0m [1m[35m[plugin 
angular-compiler][0m

    src/app/features/portfolio/portfolio.componen
t.ts:116:16:
[37m      116 Γöé   orders = 
this.[32mapi[37m.orders;
          Γò╡                 [32m~~~[0m

  'api' is declared here.

    src/app/features/portfolio/portfolio.componen
t.ts:118:14:
[37m      118 Γöé   constructor([32mprivate 
api: ApiService[37m) {
          Γò╡               
[32m~~~~~~~~~~~~~~~~~~~~~~~[0m


[31mX [41;31m[[41;97mERROR[41;31m][0m 
[1mTS2339: Property 'orders' does not exist on 
type 'ApiService'.[0m [1m[35m[plugin 
angular-compiler][0m

    src/app/features/portfolio/portfolio.componen
t.ts:116:20:
[37m      116 Γöé   orders = 
this.api.[32morders[37m;
          Γò╡                     [32m~~~~~~[0m


[31mX [41;31m[[41;97mERROR[41;31m][0m 
[1mTS2304: Cannot find name 'OnDestroy'.[0m 
[1m[35m[plugin angular-compiler][0m

    src/app/features/signals/signals.component.ts
:141:49:
[37m      141 Γöé export class SignalsComponent 
implements OnInit, [32mOnDestroy[37m {
          Γò╡                                    
              [32m~~~~~~~~~[0m


[31mX [41;31m[[41;97mERROR[41;31m][0m 
[1mTS2729: Property 'api' is used before its 
initialization.[0m [1m[35m[plugin 
angular-compiler][0m

    src/app/features/signals/signals.component.ts
:142:17:
[37m      142 Γöé   signals = 
this.[32mapi[37m.signals;
          Γò╡                  [32m~~~[0m

  'api' is declared here.

    src/app/features/signals/signals.component.ts
:164:14:
[37m      164 Γöé   constructor([32mprivate 
api: ApiService[37m, private ws: 
WebSocketServi...
          Γò╡               
[32m~~~~~~~~~~~~~~~~~~~~~~~[0m


[31mX [41;31m[[41;97mERROR[41;31m][0m 
[1mCould not resolve 
"@angular/animations/browser"[0m

    node_modules/@angular/platform-browser/fesm20
22/animations-async.mjs:37:53:
[37m      37 Γöé ....moduleImpl ?? import([32m'
@angular/animations/browser'[37m).then(m => m);
         Γò╡                          
[32m~~~~~~~~~~~~~~~~~~~~~~~~~~~~~[0m

  You can mark the path 
"@angular/animations/browser" as external to 
exclude it from the bundle, which will remove 
this error and leave the unresolved path in the 
bundle. You can also add ".catch()" here to 
handle this failure at run-time instead of 
bundle-time.

[39m[22m
